###############################################################################
#
# IAR ELF Linker V8.32.2.178/W32 for ARM                  04/May/2019  13:56:30
# Copyright 2007-2018 IAR Systems AB.
#
#    Output file  =  
#        C:\Users\Morozov\Documents\GitHub\KURSACH_SIR_F100\EWARM\KURSACH_SIR_F100\Exe\KURSACH_SIR_F100.out
#    Map file     =  
#        C:\Users\Morozov\Documents\GitHub\KURSACH_SIR_F100\EWARM\KURSACH_SIR_F100\List\KURSACH_SIR_F100.map
#    Command line =  
#        -f C:\Users\Morozov\AppData\Local\Temp\EW7941.tmp
#        (C:\Users\Morozov\Documents\GitHub\KURSACH_SIR_F100\EWARM\KURSACH_SIR_F100\Obj\global.o
#        C:\Users\Morozov\Documents\GitHub\KURSACH_SIR_F100\EWARM\KURSACH_SIR_F100\Obj\hd44780.o
#        C:\Users\Morozov\Documents\GitHub\KURSACH_SIR_F100\EWARM\KURSACH_SIR_F100\Obj\main.o
#        C:\Users\Morozov\Documents\GitHub\KURSACH_SIR_F100\EWARM\KURSACH_SIR_F100\Obj\startup_stm32f100xb.o
#        C:\Users\Morozov\Documents\GitHub\KURSACH_SIR_F100\EWARM\KURSACH_SIR_F100\Obj\stm32f1xx_hal.o
#        C:\Users\Morozov\Documents\GitHub\KURSACH_SIR_F100\EWARM\KURSACH_SIR_F100\Obj\stm32f1xx_hal_cortex.o
#        C:\Users\Morozov\Documents\GitHub\KURSACH_SIR_F100\EWARM\KURSACH_SIR_F100\Obj\stm32f1xx_hal_dma.o
#        C:\Users\Morozov\Documents\GitHub\KURSACH_SIR_F100\EWARM\KURSACH_SIR_F100\Obj\stm32f1xx_hal_flash.o
#        C:\Users\Morozov\Documents\GitHub\KURSACH_SIR_F100\EWARM\KURSACH_SIR_F100\Obj\stm32f1xx_hal_flash_ex.o
#        C:\Users\Morozov\Documents\GitHub\KURSACH_SIR_F100\EWARM\KURSACH_SIR_F100\Obj\stm32f1xx_hal_gpio.o
#        C:\Users\Morozov\Documents\GitHub\KURSACH_SIR_F100\EWARM\KURSACH_SIR_F100\Obj\stm32f1xx_hal_gpio_ex.o
#        C:\Users\Morozov\Documents\GitHub\KURSACH_SIR_F100\EWARM\KURSACH_SIR_F100\Obj\stm32f1xx_hal_msp.o
#        C:\Users\Morozov\Documents\GitHub\KURSACH_SIR_F100\EWARM\KURSACH_SIR_F100\Obj\stm32f1xx_hal_pwr.o
#        C:\Users\Morozov\Documents\GitHub\KURSACH_SIR_F100\EWARM\KURSACH_SIR_F100\Obj\stm32f1xx_hal_rcc.o
#        C:\Users\Morozov\Documents\GitHub\KURSACH_SIR_F100\EWARM\KURSACH_SIR_F100\Obj\stm32f1xx_hal_rcc_ex.o
#        C:\Users\Morozov\Documents\GitHub\KURSACH_SIR_F100\EWARM\KURSACH_SIR_F100\Obj\stm32f1xx_hal_tim.o
#        C:\Users\Morozov\Documents\GitHub\KURSACH_SIR_F100\EWARM\KURSACH_SIR_F100\Obj\stm32f1xx_hal_tim_ex.o
#        C:\Users\Morozov\Documents\GitHub\KURSACH_SIR_F100\EWARM\KURSACH_SIR_F100\Obj\stm32f1xx_it.o
#        C:\Users\Morozov\Documents\GitHub\KURSACH_SIR_F100\EWARM\KURSACH_SIR_F100\Obj\stm32f1xx_ll_dma.o
#        C:\Users\Morozov\Documents\GitHub\KURSACH_SIR_F100\EWARM\KURSACH_SIR_F100\Obj\stm32f1xx_ll_exti.o
#        C:\Users\Morozov\Documents\GitHub\KURSACH_SIR_F100\EWARM\KURSACH_SIR_F100\Obj\stm32f1xx_ll_gpio.o
#        C:\Users\Morozov\Documents\GitHub\KURSACH_SIR_F100\EWARM\KURSACH_SIR_F100\Obj\stm32f1xx_ll_rcc.o
#        C:\Users\Morozov\Documents\GitHub\KURSACH_SIR_F100\EWARM\KURSACH_SIR_F100\Obj\stm32f1xx_ll_tim.o
#        C:\Users\Morozov\Documents\GitHub\KURSACH_SIR_F100\EWARM\KURSACH_SIR_F100\Obj\stm32f1xx_ll_utils.o
#        C:\Users\Morozov\Documents\GitHub\KURSACH_SIR_F100\EWARM\KURSACH_SIR_F100\Obj\system_stm32f1xx.o
#        --redirect _Printf=_PrintfFull --redirect _Scanf=_ScanfFull
#        --no_out_extension -o
#        C:\Users\Morozov\Documents\GitHub\KURSACH_SIR_F100\EWARM\KURSACH_SIR_F100\Exe\KURSACH_SIR_F100.out
#        --map
#        C:\Users\Morozov\Documents\GitHub\KURSACH_SIR_F100\EWARM\KURSACH_SIR_F100\List\KURSACH_SIR_F100.map
#        --config
#        C:\Users\Morozov\Documents\GitHub\KURSACH_SIR_F100\EWARM/stm32f100xb_flash.icf
#        --semihosting --entry __iar_program_start --vfe --text_out locale)
#
###############################################################################

*******************************************************************************
*** RUNTIME MODEL ATTRIBUTES
***

CppFlavor       = *
__SystemLibrary = DLib
__dlib_version  = 6


*******************************************************************************
*** HEAP SELECTION
***

The basic heap was selected because no calls to memory allocation
functions were found in the application outside of system library
functions, and there are calls to deallocation functions in the
application.


*******************************************************************************
*** PLACEMENT SUMMARY
***

"A0":  place at 0x800'0000 { ro section .intvec };
"P1":  place in [from 0x800'0000 to 0x801'ffff] { ro };
define block CSTACK with size = 1K, alignment = 8 { };
define block HEAP with size = 512, alignment = 8 { };
"P2":  place in [from 0x2000'0000 to 0x2000'1fff] {
          rw, block CSTACK, block HEAP };
initialize by copy { rw };

  Section            Kind         Address   Size  Object
  -------            ----         -------   ----  ------
"A0":                                      0x120
  .intvec            ro code   0x800'0000  0x120  startup_stm32f100xb.o [1]
                             - 0x800'0120  0x120

"P1":                                      0xe07
  .text              ro code   0x800'0120  0x358  main.o [1]
  .text              ro code   0x800'0478   0x16  stm32f1xx_hal.o [1]
  .text              ro code   0x800'0490    0x6  ABImemclr4.o [4]
  .text              ro code   0x800'0498  0x1cc  stm32f1xx_hal_gpio.o [1]
  .text              ro code   0x800'0664  0x25a  hd44780.o [1]
  .text              ro code   0x800'08c0   0x28  stm32f1xx_ll_utils.o [1]
  .text              ro code   0x800'08e8   0x9c  stm32f1xx_ll_tim.o [1]
  .text              ro code   0x800'0984   0xac  stm32f1xx_hal_cortex.o [1]
  .text              ro code   0x800'0a30   0x40  stm32f1xx_hal.o [1]
  .text              ro code   0x800'0a70   0x44  stm32f1xx_hal_msp.o [1]
  .text              ro code   0x800'0ab4   0x32  ABImemset48.o [4]
  .text              ro code   0x800'0ae8  0x25e  stm32f1xx_it.o [1]
  .text              ro code   0x800'0d48   0x10  stm32f1xx_hal.o [1]
  .text              ro code   0x800'0d58   0x50  system_stm32f1xx.o [1]
  .text              ro code   0x800'0da8   0x38  packbits_init_single.o [4]
  .text              ro code   0x800'0de0   0x28  data_init.o [4]
  .iar.init_table    const     0x800'0e08   0x10  - Linker created -
  .text              ro code   0x800'0e18   0x1e  cmain.o [4]
  .text              ro code   0x800'0e36    0x4  low_level_init.o [2]
  .text              ro code   0x800'0e3a    0x4  exit.o [2]
  .text              ro code   0x800'0e40    0xa  cexit.o [4]
  .text              ro code   0x800'0e4c   0x14  exit.o [5]
  .text              ro code   0x800'0e60   0x10  startup_stm32f100xb.o [1]
  .text              ro code   0x800'0e70    0xc  cstartup_M.o [4]
  .text              ro code   0x800'0e7c    0x4  startup_stm32f100xb.o [1]
  .text              ro code   0x800'0e80    0x4  startup_stm32f100xb.o [1]
  .text              ro code   0x800'0e84    0x4  startup_stm32f100xb.o [1]
  .text              ro code   0x800'0e88    0x4  startup_stm32f100xb.o [1]
  .text              ro code   0x800'0e8c    0x4  startup_stm32f100xb.o [1]
  .text              ro code   0x800'0e90    0x4  startup_stm32f100xb.o [1]
  .text              ro code   0x800'0e94    0x4  startup_stm32f100xb.o [1]
  .text              ro code   0x800'0e98    0x4  startup_stm32f100xb.o [1]
  .text              ro code   0x800'0e9c    0x4  startup_stm32f100xb.o [1]
  .text              ro code   0x800'0ea0    0x4  startup_stm32f100xb.o [1]
  .text              ro code   0x800'0ea4    0x4  startup_stm32f100xb.o [1]
  .text              ro code   0x800'0ea8    0x4  startup_stm32f100xb.o [1]
  .text              ro code   0x800'0eac    0x4  startup_stm32f100xb.o [1]
  .text              ro code   0x800'0eb0    0x4  startup_stm32f100xb.o [1]
  .text              ro code   0x800'0eb4    0x4  startup_stm32f100xb.o [1]
  .text              ro code   0x800'0eb8    0x4  startup_stm32f100xb.o [1]
  .text              ro code   0x800'0ebc    0x4  startup_stm32f100xb.o [1]
  .text              ro code   0x800'0ec0    0x4  startup_stm32f100xb.o [1]
  .text              ro code   0x800'0ec4    0x4  startup_stm32f100xb.o [1]
  .text              ro code   0x800'0ec8    0x4  startup_stm32f100xb.o [1]
  .text              ro code   0x800'0ecc    0x4  startup_stm32f100xb.o [1]
  .text              ro code   0x800'0ed0    0x4  startup_stm32f100xb.o [1]
  .text              ro code   0x800'0ed4    0x4  startup_stm32f100xb.o [1]
  .text              ro code   0x800'0ed8    0x4  startup_stm32f100xb.o [1]
  .text              ro code   0x800'0edc    0x4  startup_stm32f100xb.o [1]
  .text              ro code   0x800'0ee0    0x4  startup_stm32f100xb.o [1]
  .text              ro code   0x800'0ee4    0x4  startup_stm32f100xb.o [1]
  .text              ro code   0x800'0ee8    0x4  startup_stm32f100xb.o [1]
  .text              ro code   0x800'0eec    0x4  startup_stm32f100xb.o [1]
  .text              ro code   0x800'0ef0    0x4  startup_stm32f100xb.o [1]
  .text              ro code   0x800'0ef4    0x4  startup_stm32f100xb.o [1]
  .text              ro code   0x800'0ef8    0x4  startup_stm32f100xb.o [1]
  .text              ro code   0x800'0efc    0x4  startup_stm32f100xb.o [1]
  .text              ro code   0x800'0f00    0x4  startup_stm32f100xb.o [1]
  .text              ro code   0x800'0f04    0x4  startup_stm32f100xb.o [1]
  .text              ro code   0x800'0f08    0x4  startup_stm32f100xb.o [1]
  .text              ro code   0x800'0f0c    0x4  startup_stm32f100xb.o [1]
  .text              ro code   0x800'0f10    0x4  startup_stm32f100xb.o [1]
  .rodata            const     0x800'0f14    0x0  packbits_init_single.o [4]
  Initializer bytes  const     0x800'0f14   0x13  <for P2-1>
                             - 0x800'0f27  0xe07

"P2", part 1 of 2:                          0x21
  P2-1                        0x2000'0000   0x21  <Init block>
    .data            inited   0x2000'0000    0xc  stm32f1xx_hal.o [1]
    .data            inited   0x2000'000c    0x4  system_stm32f1xx.o [1]
    .data            inited   0x2000'0010    0x2  global.o [1]
    .data            inited   0x2000'0012    0x2  global.o [1]
    .bss             inited   0x2000'0014    0x2  global.o [1]
    .bss             inited   0x2000'0016    0x2  global.o [1]
    .bss             inited   0x2000'0018    0x2  global.o [1]
    .bss             inited   0x2000'001a    0x2  global.o [1]
    .bss             inited   0x2000'001c    0x2  global.o [1]
    .bss             inited   0x2000'001e    0x2  global.o [1]
    .data            inited   0x2000'0020    0x1  global.o [1]
                            - 0x2000'0021   0x21

"P2", part 2 of 2:                         0x400
  CSTACK                      0x2000'0028  0x400  <Block>
    CSTACK           uninit   0x2000'0028  0x400  <Block tail>
                            - 0x2000'0428  0x400

Unused ranges:

         From           To      Size
         ----           --      ----
   0x800'0f27   0x801'ffff  0x1'f0d9
  0x2000'0021  0x2000'0027       0x7
  0x2000'0428  0x2000'1fff    0x1bd8


*******************************************************************************
*** INIT TABLE
***

          Address      Size
          -------      ----
Copy/packbits (__iar_packbits_init_single3)
    1 source range, total size 0x13 (57% of destination):
           0x800'0f14  0x13
    1 destination range, total size 0x21:
          0x2000'0000  0x21



*******************************************************************************
*** MODULE SUMMARY
***

    Module                  ro code  ro data  rw data
    ------                  -------  -------  -------
command line/config:
    -------------------------------------------------
    Total:

C:\Users\Morozov\Documents\GitHub\KURSACH_SIR_F100\EWARM\KURSACH_SIR_F100\Obj: [1]
    global.o                              10       17
    hd44780.o                   602
    main.o                      856
    startup_stm32f100xb.o       456
    stm32f1xx_hal.o             102        6       12
    stm32f1xx_hal_cortex.o      172
    stm32f1xx_hal_gpio.o        460
    stm32f1xx_hal_msp.o          68
    stm32f1xx_it.o              606
    stm32f1xx_ll_tim.o          156
    stm32f1xx_ll_utils.o         40
    system_stm32f1xx.o           80        3        4
    -------------------------------------------------
    Total:                    3 598       19       33

dl7M_tlf.a: [2]
    exit.o                        4
    low_level_init.o              4
    -------------------------------------------------
    Total:                        8

m7M_tl.a: [3]
    -------------------------------------------------
    Total:

rt7M_tl.a: [4]
    ABImemclr4.o                  6
    ABImemset48.o                50
    cexit.o                      10
    cmain.o                      30
    cstartup_M.o                 12
    data_init.o                  40
    packbits_init_single.o       56
    -------------------------------------------------
    Total:                      204

shb_l.a: [5]
    exit.o                       20
    -------------------------------------------------
    Total:                       20

    Gaps                         14
    Linker created                        16    1 024
-----------------------------------------------------
    Grand Total:              3 844       35    1 057


*******************************************************************************
*** ENTRY LIST
***

Entry                       Address   Size  Type      Object
-----                       -------   ----  ----      ------
.iar.init_table$$Base    0x800'0e08          --   Gb  - Linker created -
.iar.init_table$$Limit   0x800'0e18          --   Gb  - Linker created -
?main                    0x800'0e19         Code  Gb  cmain.o [4]
BusFault_Handler         0x800'0b2f    0x2  Code  Gb  stm32f1xx_it.o [1]
CSTACK$$Base            0x2000'0028          --   Gb  - Linker created -
CSTACK$$Limit           0x2000'0428          --   Gb  - Linker created -
DebugMon_Handler         0x800'0b35    0x2  Code  Gb  stm32f1xx_it.o [1]
Enable_Player1          0x2000'0010    0x2  Data  Gb  global.o [1]
Enable_Player2          0x2000'0012    0x2  Data  Gb  global.o [1]
HAL_GPIO_Init            0x800'0499  0x182  Code  Gb  stm32f1xx_hal_gpio.o [1]
HAL_GPIO_ReadPin         0x800'061b    0xc  Code  Gb  stm32f1xx_hal_gpio.o [1]
HAL_GPIO_WritePin        0x800'0627    0x8  Code  Gb  stm32f1xx_hal_gpio.o [1]
HAL_IncTick              0x800'0d49   0x10  Code  Wk  stm32f1xx_hal.o [1]
HAL_Init                 0x800'0479   0x16  Code  Gb  stm32f1xx_hal.o [1]
HAL_MspInit              0x800'0a71   0x44  Code  Gb  stm32f1xx_hal_msp.o [1]
HAL_NVIC_SetPriority     0x800'09b9   0x3a  Code  Gb  stm32f1xx_hal_cortex.o [1]
HAL_NVIC_SetPriorityGrouping
                         0x800'099f   0x1a  Code  Gb  stm32f1xx_hal_cortex.o [1]
HAL_SYSTICK_Config       0x800'09f3   0x28  Code  Gb  stm32f1xx_hal_cortex.o [1]
HardFault_Handler        0x800'0b2b    0x2  Code  Gb  stm32f1xx_it.o [1]
LL_APB1_GRP1_EnableClock
                         0x800'017f   0x16  Code  Lc  main.o [1]
LL_Init1msTick           0x800'08c1   0x18  Code  Gb  stm32f1xx_ll_utils.o [1]
LL_SetSystemCoreClock    0x800'08d9    0x6  Code  Gb  stm32f1xx_ll_utils.o [1]
LL_TIM_Init              0x800'08e9   0x84  Code  Gb  stm32f1xx_ll_tim.o [1]
MX_TIM1_Init             0x800'02e9   0x52  Code  Lc  main.o [1]
MX_TIM2_Init             0x800'033b   0x66  Code  Lc  main.o [1]
MX_TIM3_Init             0x800'03b5   0x38  Code  Lc  main.o [1]
MemManage_Handler        0x800'0b2d    0x2  Code  Gb  stm32f1xx_it.o [1]
NMI_Handler              0x800'0b29    0x2  Code  Gb  stm32f1xx_it.o [1]
NVIC_EnableIRQ           0x800'0121   0x12  Code  Lc  main.o [1]
NVIC_EncodePriority      0x800'014d   0x32  Code  Lc  main.o [1]
NVIC_SetPriority         0x800'0133   0x1a  Code  Lc  main.o [1]
NVIC_SetPriority         0x800'0985   0x1a  Code  Lc  stm32f1xx_hal_cortex.o [1]
PendSV_Handler           0x800'0b37    0x2  Code  Gb  stm32f1xx_it.o [1]
Region$$Table$$Base      0x800'0e08          --   Gb  - Linker created -
Region$$Table$$Limit     0x800'0e18          --   Gb  - Linker created -
SVC_Handler              0x800'0b33    0x2  Code  Gb  stm32f1xx_it.o [1]
SysTick_Handler          0x800'0b39    0x4  Code  Gb  stm32f1xx_it.o [1]
SystemClock_Config       0x800'0287   0x62  Code  Gb  main.o [1]
SystemCoreClock         0x2000'000c    0x4  Data  Gb  system_stm32f1xx.o [1]
SystemInit               0x800'0d59   0x40  Code  Gb  system_stm32f1xx.o [1]
T1_min                  0x2000'0014    0x2  Data  Gb  global.o [1]
T1_msec                 0x2000'0018    0x2  Data  Gb  global.o [1]
T1_sec                  0x2000'0016    0x2  Data  Gb  global.o [1]
T2_min                  0x2000'001a    0x2  Data  Gb  global.o [1]
T2_msec                 0x2000'001e    0x2  Data  Gb  global.o [1]
T2_sec                  0x2000'001c    0x2  Data  Gb  global.o [1]
TIM1_UP_TIM16_IRQHandler
                         0x800'0b3d   0x88  Code  Gb  stm32f1xx_it.o [1]
TIM2_IRQHandler          0x800'0bdf   0x78  Code  Gb  stm32f1xx_it.o [1]
TIM3_IRQHandler          0x800'0c57   0x90  Code  Gb  stm32f1xx_it.o [1]
Timer                   0x2000'0020    0x1  Data  Gb  global.o [1]
UsageFault_Handler       0x800'0b31    0x2  Code  Gb  stm32f1xx_it.o [1]
__aeabi_memclr4          0x800'0491         Code  Gb  ABImemclr4.o [4]
__cmain                  0x800'0e19         Code  Gb  cmain.o [4]
__exit                   0x800'0e4d   0x14  Code  Gb  exit.o [5]
__iar_Memset4_word       0x800'0ab5         Code  Gb  ABImemset48.o [4]
__iar_Memset8_word       0x800'0ab5         Code  Gb  ABImemset48.o [4]
__iar_data_init3         0x800'0de1   0x28  Code  Gb  data_init.o [4]
__iar_packbits_init_single3
                         0x800'0da9   0x38  Code  Gb  packbits_init_single.o [4]
__iar_program_start      0x800'0e71         Code  Gb  cstartup_M.o [4]
__low_level_init         0x800'0e37    0x4  Code  Gb  low_level_init.o [2]
__vector_table           0x800'0000         Data  Gb  startup_stm32f100xb.o [1]
_call_main               0x800'0e25         Code  Gb  cmain.o [4]
_exit                    0x800'0e41         Code  Gb  cexit.o [4]
_main                    0x800'0e33         Code  Gb  cmain.o [4]
clockTime                0x800'0ae9   0x40  Code  Lc  stm32f1xx_it.o [1]
cursorShift              0x800'0799   0x1c  Code  Gb  hd44780.o [1]
exit                     0x800'0e3b    0x4  Code  Gb  exit.o [2]
lcd10usDelay             0x800'0665   0x24  Code  Lc  hd44780.o [1]
lcdClrScr                0x800'076f    0xa  Code  Gb  hd44780.o [1]
lcdGoto                  0x800'07b5   0x3a  Code  Gb  hd44780.o [1]
lcdHigh                  0x800'06a5   0x4c  Code  Lc  hd44780.o [1]
lcdInit                  0x800'085d   0x62  Code  Gb  hd44780.o [1]
lcdLow                   0x800'06f1   0x4c  Code  Lc  hd44780.o [1]
lcdPutc                  0x800'07fb   0x18  Code  Gb  hd44780.o [1]
lcdPuts                  0x800'0821   0x3c  Code  Gb  hd44780.o [1]
lcdReturn                0x800'0779    0x8  Code  Gb  hd44780.o [1]
lcdSetMode               0x800'07ef    0xc  Code  Gb  hd44780.o [1]
lcdStrobe                0x800'0689   0x1c  Code  Lc  hd44780.o [1]
lcdWrite                 0x800'0751   0x1e  Code  Lc  hd44780.o [1]
main                     0x800'0195   0xe0  Code  Gb  main.o [1]
uwTick                  0x2000'0004    0x4  Data  Gb  stm32f1xx_hal.o [1]
uwTickFreq              0x2000'0000    0x1  Data  Gb  stm32f1xx_hal.o [1]
uwTickPrio              0x2000'0008    0x4  Data  Gb  stm32f1xx_hal.o [1]


[1] = C:\Users\Morozov\Documents\GitHub\KURSACH_SIR_F100\EWARM\KURSACH_SIR_F100\Obj
[2] = dl7M_tlf.a
[3] = m7M_tl.a
[4] = rt7M_tl.a
[5] = shb_l.a

  3 844 bytes of readonly  code memory
     35 bytes of readonly  data memory
  1 057 bytes of readwrite data memory

Errors: none
Warnings: none
